// Jest Snapshot v1, https://goo.gl/fbAQLP

exports[`CartItem should render without errors 1`] = `ShallowWrapper {}`;
