// Jest Snapshot v1, https://goo.gl/fbAQLP

exports[`AddItemButton should render without errors 1`] = `ShallowWrapper {}`;
