// Jest Snapshot v1, https://goo.gl/fbAQLP

exports[`DrawerHeader should render without errors 1`] = `ShallowWrapper {}`;
