// Jest Snapshot v1, https://goo.gl/fbAQLP

exports[`SelectedItems should render without errors 1`] = `ShallowWrapper {}`;
