// Jest Snapshot v1, https://goo.gl/fbAQLP

exports[`TopNav should render without errors 1`] = `ShallowWrapper {}`;
